###############################################################################
#
# IAR ELF Linker V8.40.1.212/W32 for ARM                  15/Dec/2019  17:14:41
# Copyright 2007-2019 IAR Systems AB.
#
#    Output file  =
#        C:\Users\Yao\Desktop\UW
#        Certificate\Module9\LED_PWM\EWARM\LED_PWM\Exe\LED_PWM.out
#    Map file     =
#        C:\Users\Yao\Desktop\UW
#        Certificate\Module9\LED_PWM\EWARM\LED_PWM\List\LED_PWM.map
#    Command line =
#        -f C:\Users\Yao\AppData\Local\Temp\EWE2D3.tmp
#        ("C:\Users\Yao\Desktop\UW
#        Certificate\Module9\LED_PWM\EWARM\LED_PWM\Obj\main.o"
#        "C:\Users\Yao\Desktop\UW
#        Certificate\Module9\LED_PWM\EWARM\LED_PWM\Obj\startup_stm32f401xe.o"
#        "C:\Users\Yao\Desktop\UW
#        Certificate\Module9\LED_PWM\EWARM\LED_PWM\Obj\stm32f4xx_hal.o"
#        "C:\Users\Yao\Desktop\UW
#        Certificate\Module9\LED_PWM\EWARM\LED_PWM\Obj\stm32f4xx_hal_cortex.o"
#        "C:\Users\Yao\Desktop\UW
#        Certificate\Module9\LED_PWM\EWARM\LED_PWM\Obj\stm32f4xx_hal_dma.o"
#        "C:\Users\Yao\Desktop\UW
#        Certificate\Module9\LED_PWM\EWARM\LED_PWM\Obj\stm32f4xx_hal_dma_ex.o"
#        "C:\Users\Yao\Desktop\UW
#        Certificate\Module9\LED_PWM\EWARM\LED_PWM\Obj\stm32f4xx_hal_flash.o"
#        "C:\Users\Yao\Desktop\UW
#        Certificate\Module9\LED_PWM\EWARM\LED_PWM\Obj\stm32f4xx_hal_flash_ex.o"
#        "C:\Users\Yao\Desktop\UW
#        Certificate\Module9\LED_PWM\EWARM\LED_PWM\Obj\stm32f4xx_hal_flash_ramfunc.o"
#        "C:\Users\Yao\Desktop\UW
#        Certificate\Module9\LED_PWM\EWARM\LED_PWM\Obj\stm32f4xx_hal_gpio.o"
#        "C:\Users\Yao\Desktop\UW
#        Certificate\Module9\LED_PWM\EWARM\LED_PWM\Obj\stm32f4xx_hal_msp.o"
#        "C:\Users\Yao\Desktop\UW
#        Certificate\Module9\LED_PWM\EWARM\LED_PWM\Obj\stm32f4xx_hal_pwr.o"
#        "C:\Users\Yao\Desktop\UW
#        Certificate\Module9\LED_PWM\EWARM\LED_PWM\Obj\stm32f4xx_hal_pwr_ex.o"
#        "C:\Users\Yao\Desktop\UW
#        Certificate\Module9\LED_PWM\EWARM\LED_PWM\Obj\stm32f4xx_hal_rcc.o"
#        "C:\Users\Yao\Desktop\UW
#        Certificate\Module9\LED_PWM\EWARM\LED_PWM\Obj\stm32f4xx_hal_rcc_ex.o"
#        "C:\Users\Yao\Desktop\UW
#        Certificate\Module9\LED_PWM\EWARM\LED_PWM\Obj\stm32f4xx_hal_tim.o"
#        "C:\Users\Yao\Desktop\UW
#        Certificate\Module9\LED_PWM\EWARM\LED_PWM\Obj\stm32f4xx_hal_tim_ex.o"
#        "C:\Users\Yao\Desktop\UW
#        Certificate\Module9\LED_PWM\EWARM\LED_PWM\Obj\stm32f4xx_hal_uart.o"
#        "C:\Users\Yao\Desktop\UW
#        Certificate\Module9\LED_PWM\EWARM\LED_PWM\Obj\stm32f4xx_it.o"
#        "C:\Users\Yao\Desktop\UW
#        Certificate\Module9\LED_PWM\EWARM\LED_PWM\Obj\system_stm32f4xx.o"
#        --redirect _Printf=_PrintfFull --redirect _Scanf=_ScanfFull
#        --no_out_extension -o "C:\Users\Yao\Desktop\UW
#        Certificate\Module9\LED_PWM\EWARM\LED_PWM\Exe\LED_PWM.out" --map
#        "C:\Users\Yao\Desktop\UW
#        Certificate\Module9\LED_PWM\EWARM\LED_PWM\List\LED_PWM.map" --config
#        "C:\Users\Yao\Desktop\UW
#        Certificate\Module9\LED_PWM\EWARM/stm32f401xe_flash.icf" --semihosting
#        --entry __iar_program_start --vfe --text_out locale)
#
###############################################################################

*******************************************************************************
*** RUNTIME MODEL ATTRIBUTES
***

CppFlavor       = *
__SystemLibrary = DLib
__dlib_version  = 6


*******************************************************************************
*** HEAP SELECTION
***

The basic heap was selected because some modules are built with
size limitations (and not runtime checking), and --advanced_heap
was not specified.


*******************************************************************************
*** PLACEMENT SUMMARY
***

"A0":  place at address 0x800'0000 { ro section .intvec };
"P1":  place in [from 0x800'0000 to 0x807'ffff] { ro };
define block CSTACK with size = 1K, alignment = 8 { };
define block HEAP with size = 512, alignment = 8 { };
"P2":  place in [from 0x2000'0000 to 0x2001'7fff] {
          rw, block CSTACK, block HEAP };
initialize by copy { rw };

  Section            Kind         Address    Size  Object
  -------            ----         -------    ----  ------
"A0":                                       0x194
  .intvec            ro code   0x800'0000   0x194  startup_stm32f401xe.o [1]
                             - 0x800'0194   0x194

"P1":                                      0x1474
  .text              ro code   0x800'0194   0x392  stm32f4xx_hal_tim.o [1]
  .text              ro code   0x800'0526    0x3a  zero_init3.o [4]
  .text              ro code   0x800'0560   0x130  stm32f4xx_hal_msp.o [1]
  .text              ro code   0x800'0690    0xca  stm32f4xx_hal_cortex.o [1]
  .text              ro code   0x800'075a    0x2e  copy_init3.o [4]
  .text              ro code   0x800'0788   0x1b4  stm32f4xx_hal_gpio.o [1]
  .text              ro code   0x800'093c   0x2d0  stm32f4xx_hal_rcc.o [1]
  .text              ro code   0x800'0c0c     0xc  stm32f4xx_hal.o [1]
  .text              ro code   0x800'0c18   0x1fc  stm32f4xx_hal_uart.o [1]
  .text              ro code   0x800'0e14   0x1ac  stm32f4xx_hal_rcc.o [1]
  .text              ro code   0x800'0fc0    0x40  stm32f4xx_hal.o [1]
  .text              ro code   0x800'1000   0x106  I64DivMod_small.o [4]
  .text              ro code   0x800'1108     0x2  I64DivZer.o [4]
  .text              ro code   0x800'110c   0x1f8  main.o [1]
  .text              ro code   0x800'1304    0x34  stm32f4xx_hal.o [1]
  .text              ro code   0x800'1338    0x4a  stm32f4xx_hal_tim_ex.o [1]
  .text              ro code   0x800'1384    0x28  stm32f4xx_hal.o [1]
  .text              ro code   0x800'13ac    0x60  system_stm32f4xx.o [1]
  .text              ro code   0x800'140c    0x28  data_init.o [4]
  .text              ro code   0x800'1434    0x22  fpinit_M.o [3]
  .iar.init_table    const     0x800'1458    0x24  - Linker created -
  .text              ro code   0x800'147c    0x1e  stm32f4xx_it.o [1]
  .text              ro code   0x800'149c    0x10  stm32f4xx_hal.o [1]
  .text              ro code   0x800'14ac    0x1e  cmain.o [4]
  .text              ro code   0x800'14ca     0x4  low_level_init.o [2]
  .text              ro code   0x800'14ce     0x4  exit.o [2]
  .text              ro code   0x800'14d4     0xa  cexit.o [4]
  .text              ro code   0x800'14e0    0x14  exit.o [5]
  .text              ro code   0x800'14f4    0x10  startup_stm32f401xe.o [1]
  Initializer bytes  const     0x800'1504    0x10  <for P2-1>
  .text              ro code   0x800'1514     0xc  cstartup_M.o [4]
  .rodata            const     0x800'1520     0x8  system_stm32f4xx.o [1]
  .text              ro code   0x800'1528     0x4  startup_stm32f401xe.o [1]
  .text              ro code   0x800'152c     0x4  startup_stm32f401xe.o [1]
  .text              ro code   0x800'1530     0x4  startup_stm32f401xe.o [1]
  .text              ro code   0x800'1534     0x4  startup_stm32f401xe.o [1]
  .text              ro code   0x800'1538     0x4  startup_stm32f401xe.o [1]
  .text              ro code   0x800'153c     0x4  startup_stm32f401xe.o [1]
  .text              ro code   0x800'1540     0x4  startup_stm32f401xe.o [1]
  .text              ro code   0x800'1544     0x4  startup_stm32f401xe.o [1]
  .text              ro code   0x800'1548     0x4  startup_stm32f401xe.o [1]
  .text              ro code   0x800'154c     0x4  startup_stm32f401xe.o [1]
  .text              ro code   0x800'1550     0x4  startup_stm32f401xe.o [1]
  .text              ro code   0x800'1554     0x4  startup_stm32f401xe.o [1]
  .text              ro code   0x800'1558     0x4  startup_stm32f401xe.o [1]
  .text              ro code   0x800'155c     0x4  startup_stm32f401xe.o [1]
  .text              ro code   0x800'1560     0x4  startup_stm32f401xe.o [1]
  .text              ro code   0x800'1564     0x4  startup_stm32f401xe.o [1]
  .text              ro code   0x800'1568     0x4  startup_stm32f401xe.o [1]
  .text              ro code   0x800'156c     0x4  startup_stm32f401xe.o [1]
  .text              ro code   0x800'1570     0x4  startup_stm32f401xe.o [1]
  .text              ro code   0x800'1574     0x4  startup_stm32f401xe.o [1]
  .text              ro code   0x800'1578     0x4  startup_stm32f401xe.o [1]
  .text              ro code   0x800'157c     0x4  startup_stm32f401xe.o [1]
  .text              ro code   0x800'1580     0x4  startup_stm32f401xe.o [1]
  .text              ro code   0x800'1584     0x4  startup_stm32f401xe.o [1]
  .text              ro code   0x800'1588     0x4  startup_stm32f401xe.o [1]
  .text              ro code   0x800'158c     0x4  startup_stm32f401xe.o [1]
  .text              ro code   0x800'1590     0x4  startup_stm32f401xe.o [1]
  .text              ro code   0x800'1594     0x4  startup_stm32f401xe.o [1]
  .text              ro code   0x800'1598     0x4  startup_stm32f401xe.o [1]
  .text              ro code   0x800'159c     0x4  startup_stm32f401xe.o [1]
  .text              ro code   0x800'15a0     0x4  startup_stm32f401xe.o [1]
  .text              ro code   0x800'15a4     0x4  startup_stm32f401xe.o [1]
  .text              ro code   0x800'15a8     0x4  startup_stm32f401xe.o [1]
  .text              ro code   0x800'15ac     0x4  startup_stm32f401xe.o [1]
  .text              ro code   0x800'15b0     0x4  startup_stm32f401xe.o [1]
  .text              ro code   0x800'15b4     0x4  startup_stm32f401xe.o [1]
  .text              ro code   0x800'15b8     0x4  startup_stm32f401xe.o [1]
  .text              ro code   0x800'15bc     0x4  startup_stm32f401xe.o [1]
  .text              ro code   0x800'15c0     0x4  startup_stm32f401xe.o [1]
  .text              ro code   0x800'15c4     0x4  startup_stm32f401xe.o [1]
  .text              ro code   0x800'15c8     0x4  startup_stm32f401xe.o [1]
  .text              ro code   0x800'15cc     0x4  startup_stm32f401xe.o [1]
  .text              ro code   0x800'15d0     0x4  startup_stm32f401xe.o [1]
  .text              ro code   0x800'15d4     0x4  startup_stm32f401xe.o [1]
  .text              ro code   0x800'15d8     0x4  startup_stm32f401xe.o [1]
  .text              ro code   0x800'15dc     0x4  startup_stm32f401xe.o [1]
  .text              ro code   0x800'15e0     0x4  startup_stm32f401xe.o [1]
  .text              ro code   0x800'15e4     0x4  startup_stm32f401xe.o [1]
  .text              ro code   0x800'15e8     0x4  startup_stm32f401xe.o [1]
  .text              ro code   0x800'15ec     0x4  startup_stm32f401xe.o [1]
  .text              ro code   0x800'15f0     0x4  startup_stm32f401xe.o [1]
  .text              ro code   0x800'15f4     0x4  startup_stm32f401xe.o [1]
  .text              ro code   0x800'15f8     0x4  startup_stm32f401xe.o [1]
  .text              ro code   0x800'15fc     0x4  startup_stm32f401xe.o [1]
  .text              ro code   0x800'1600     0x4  startup_stm32f401xe.o [1]
  .text              ro code   0x800'1604     0x4  startup_stm32f401xe.o [1]
  .rodata            const     0x800'1608     0x0  zero_init3.o [4]
  .rodata            const     0x800'1608     0x0  copy_init3.o [4]
                             - 0x800'1608  0x1474

"P2", part 1 of 3:                           0x10
  P2-1                        0x2000'0000    0x10  <Init block>
    .data            inited   0x2000'0000     0xc  stm32f4xx_hal.o [1]
    .data            inited   0x2000'000c     0x4  system_stm32f4xx.o [1]
                            - 0x2000'0010    0x10

"P2", part 2 of 3:                           0x7c
  .bss               zero     0x2000'0010    0x40  main.o [1]
  .bss               zero     0x2000'0050    0x3c  main.o [1]
                            - 0x2000'008c    0x7c

"P2", part 3 of 3:                          0x400
  CSTACK                      0x2000'0090   0x400  <Block>
    CSTACK           uninit   0x2000'0090   0x400  <Block tail>
                            - 0x2000'0490   0x400

Unused ranges:

         From           To      Size
         ----           --      ----
   0x800'1608   0x807'ffff  0x7'e9f8
  0x2000'008c  0x2000'008f       0x4
  0x2000'0490  0x2001'7fff  0x1'7b70


*******************************************************************************
*** INIT TABLE
***

          Address      Size
          -------      ----
Zero (__iar_zero_init3)
    1 destination range, total size 0x7c:
          0x2000'0010  0x7c

Copy (__iar_copy_init3)
    1 source range, total size 0x10:
           0x800'1504  0x10
    1 destination range, total size 0x10:
          0x2000'0000  0x10



*******************************************************************************
*** MODULE SUMMARY
***

    Module                  ro code  ro data  rw data
    ------                  -------  -------  -------
command line/config:
    -------------------------------------------------
    Total:

C:\Users\Yao\Desktop\UW Certificate\Module9\LED_PWM\EWARM\LED_PWM\Obj: [1]
    main.o                      504               124
    startup_stm32f401xe.o       644
    stm32f4xx_hal.o             184       12       12
    stm32f4xx_hal_cortex.o      202
    stm32f4xx_hal_gpio.o        436
    stm32f4xx_hal_msp.o         304
    stm32f4xx_hal_rcc.o       1'148
    stm32f4xx_hal_tim.o         914
    stm32f4xx_hal_tim_ex.o       74
    stm32f4xx_hal_uart.o        508
    stm32f4xx_it.o               30
    system_stm32f4xx.o           96       12        4
    -------------------------------------------------
    Total:                    5'044       24      140

dl7M_tlf.a: [2]
    exit.o                        4
    low_level_init.o              4
    -------------------------------------------------
    Total:                        8

m7M_tls.a: [3]
    fpinit_M.o                   34
    -------------------------------------------------
    Total:                       34

rt7M_tl.a: [4]
    I64DivMod_small.o           262
    I64DivZer.o                   2
    cexit.o                      10
    cmain.o                      30
    copy_init3.o                 46
    cstartup_M.o                 12
    data_init.o                  40
    zero_init3.o                 58
    -------------------------------------------------
    Total:                      460

shb_l.a: [5]
    exit.o                       20
    -------------------------------------------------
    Total:                       20

    Gaps                         12        2
    Linker created                        36    1'024
-----------------------------------------------------
    Grand Total:              5'578       62    1'164


*******************************************************************************
*** ENTRY LIST
***

Entry                       Address   Size  Type      Object
-----                       -------   ----  ----      ------
.iar.init_table$$Base    0x800'1458          --   Gb  - Linker created -
.iar.init_table$$Limit   0x800'147c          --   Gb  - Linker created -
?main                    0x800'14ad         Code  Gb  cmain.o [4]
AHBPrescTable            0x800'13fc   0x10  Data  Gb  system_stm32f4xx.o [1]
APBPrescTable            0x800'1520    0x8  Data  Gb  system_stm32f4xx.o [1]
BusFault_Handler         0x800'1483    0x2  Code  Gb  stm32f4xx_it.o [1]
CSTACK$$Base            0x2000'0090          --   Gb  - Linker created -
CSTACK$$Limit           0x2000'0490          --   Gb  - Linker created -
DebugMon_Handler         0x800'1489    0x2  Code  Gb  stm32f4xx_it.o [1]
HAL_Delay                0x800'1385   0x28  Code  Wk  stm32f4xx_hal.o [1]
HAL_GPIO_Init            0x800'0789  0x194  Code  Gb  stm32f4xx_hal_gpio.o [1]
HAL_GetTick              0x800'0c0d    0xc  Code  Wk  stm32f4xx_hal.o [1]
HAL_IncTick              0x800'149d   0x10  Code  Wk  stm32f4xx_hal.o [1]
HAL_Init                 0x800'1305   0x30  Code  Gb  stm32f4xx_hal.o [1]
HAL_InitTick             0x800'0fc1   0x40  Code  Wk  stm32f4xx_hal.o [1]
HAL_MspInit              0x800'0561   0x8e  Code  Gb  stm32f4xx_hal_msp.o [1]
HAL_NVIC_SetPriority     0x800'06c5   0x3a  Code  Gb  stm32f4xx_hal_cortex.o [1]
HAL_NVIC_SetPriorityGrouping
                         0x800'06ab   0x1a  Code  Gb  stm32f4xx_hal_cortex.o [1]
HAL_RCC_ClockConfig      0x800'0e15   0xfe  Code  Gb  stm32f4xx_hal_rcc.o [1]
HAL_RCC_GetHCLKFreq      0x800'0f1f    0x6  Code  Gb  stm32f4xx_hal_rcc.o [1]
HAL_RCC_GetPCLK1Freq     0x800'0f25   0x10  Code  Gb  stm32f4xx_hal_rcc.o [1]
HAL_RCC_GetPCLK2Freq     0x800'0f35    0xe  Code  Gb  stm32f4xx_hal_rcc.o [1]
HAL_RCC_OscConfig        0x800'093d  0x2d0  Code  Wk  stm32f4xx_hal_rcc.o [1]
HAL_SYSTICK_CLKSourceConfig
                         0x800'0727   0x1a  Code  Gb  stm32f4xx_hal_cortex.o [1]
HAL_SYSTICK_Config       0x800'06ff   0x28  Code  Gb  stm32f4xx_hal_cortex.o [1]
HAL_SYSTICK_IRQHandler   0x800'0755    0x4  Code  Gb  stm32f4xx_hal_cortex.o [1]
HAL_TIMEx_MasterConfigSynchronization
                         0x800'1339   0x4a  Code  Gb  stm32f4xx_hal_tim_ex.o [1]
HAL_TIM_MspPostInit      0x800'0615   0x2c  Code  Gb  stm32f4xx_hal_msp.o [1]
HAL_TIM_PWM_ConfigChannel
                         0x800'0259   0xbc  Code  Gb  stm32f4xx_hal_tim.o [1]
HAL_TIM_PWM_Init         0x800'01a9   0x1a  Code  Gb  stm32f4xx_hal_tim.o [1]
HAL_TIM_PWM_MspInit      0x800'05ef   0x26  Code  Gb  stm32f4xx_hal_msp.o [1]
HAL_TIM_PWM_Start        0x800'01c3    0x8  Code  Gb  stm32f4xx_hal_tim.o [1]
HAL_UART_Init            0x800'0c19   0x1e  Code  Gb  stm32f4xx_hal_uart.o [1]
HAL_UART_MspInit         0x800'0641   0x44  Code  Gb  stm32f4xx_hal_msp.o [1]
HardFault_Handler        0x800'147f    0x2  Code  Gb  stm32f4xx_it.o [1]
MemManage_Handler        0x800'1481    0x2  Code  Gb  stm32f4xx_it.o [1]
NMI_Handler              0x800'147d    0x2  Code  Gb  stm32f4xx_it.o [1]
NVIC_SetPriority         0x800'0691   0x1a  Code  Lc  stm32f4xx_hal_cortex.o [1]
PendSV_Handler           0x800'148b    0x2  Code  Gb  stm32f4xx_it.o [1]
Region$$Table$$Base      0x800'1458          --   Gb  - Linker created -
Region$$Table$$Limit     0x800'147c          --   Gb  - Linker created -
SVC_Handler              0x800'1487    0x2  Code  Gb  stm32f4xx_it.o [1]
SysTick_Handler          0x800'148d    0xe  Code  Gb  stm32f4xx_it.o [1]
SystemClock_Config       0x800'124f   0x96  Code  Gb  main.o [1]
SystemCoreClock         0x2000'000c    0x4  Data  Gb  system_stm32f4xx.o [1]
SystemInit               0x800'13ad   0x3a  Code  Gb  system_stm32f4xx.o [1]
TIM_Base_SetConfig       0x800'0349   0x72  Code  Gb  stm32f4xx_hal_tim.o [1]
TIM_CCxChannelCmd        0x800'040f   0x14  Code  Gb  stm32f4xx_hal_tim.o [1]
TIM_OC1_SetConfig        0x800'0423   0x4a  Code  Lc  stm32f4xx_hal_tim.o [1]
TIM_OC2_SetConfig        0x800'03bd   0x52  Code  Gb  stm32f4xx_hal_tim.o [1]
TIM_OC3_SetConfig        0x800'046d   0x50  Code  Lc  stm32f4xx_hal_tim.o [1]
TIM_OC4_SetConfig        0x800'04bd   0x40  Code  Lc  stm32f4xx_hal_tim.o [1]
UART_SetConfig           0x800'0c8f  0x13e  Code  Lc  stm32f4xx_hal_uart.o [1]
UsageFault_Handler       0x800'1485    0x2  Code  Gb  stm32f4xx_it.o [1]
__aeabi_ldiv0            0x800'1109         Code  Gb  I64DivZer.o [4]
__cmain                  0x800'14ad         Code  Gb  cmain.o [4]
__exit                   0x800'14e1   0x14  Code  Gb  exit.o [5]
__iar_copy_init3         0x800'075b   0x2e  Code  Gb  copy_init3.o [4]
__iar_data_init3         0x800'140d   0x28  Code  Gb  data_init.o [4]
__iar_init_vfp           0x800'1435         Code  Gb  fpinit_M.o [3]
__iar_program_start      0x800'1515         Code  Gb  cstartup_M.o [4]
__iar_small_uldivmod     0x800'1001         Code  Gb  I64DivMod_small.o [4]
__iar_zero_init3         0x800'0527   0x3a  Code  Gb  zero_init3.o [4]
__low_level_init         0x800'14cb    0x4  Code  Gb  low_level_init.o [2]
__vector_table           0x800'0000         Data  Gb  startup_stm32f401xe.o [1]
_call_main               0x800'14b9         Code  Gb  cmain.o [4]
_exit                    0x800'14d5         Code  Gb  cexit.o [4]
_main                    0x800'14c7         Code  Gb  cmain.o [4]
exit                     0x800'14cf    0x4  Code  Gb  exit.o [2]
htim2                   0x2000'0050   0x3c  Data  Gb  main.o [1]
huart2                  0x2000'0010   0x40  Data  Gb  main.o [1]
main                     0x800'1133  0x11c  Code  Gb  main.o [1]
user_pwm_setvalue        0x800'110d   0x26  Code  Gb  main.o [1]
uwTick                  0x2000'0004    0x4  Data  Gb  stm32f4xx_hal.o [1]
uwTickFreq              0x2000'0000    0x1  Data  Gb  stm32f4xx_hal.o [1]
uwTickPrio              0x2000'0008    0x4  Data  Gb  stm32f4xx_hal.o [1]


[1] = C:\Users\Yao\Desktop\UW Certificate\Module9\LED_PWM\EWARM\LED_PWM\Obj
[2] = dl7M_tlf.a
[3] = m7M_tls.a
[4] = rt7M_tl.a
[5] = shb_l.a

  5'578 bytes of readonly  code memory
     62 bytes of readonly  data memory
  1'164 bytes of readwrite data memory

Errors: none
Warnings: none
